// Jest Snapshot v1, https://goo.gl/fbAQLP

exports[`MainPage component matches snapshot 1`] = `
<div>
  <div
    class="MuiContainer-root MuiContainer-maxWidthLg css-1oqqzyl-MuiContainer-root"
  >
    <h2
      class="MuiTypography-root MuiTypography-h3 MuiTypography-alignCenter css-47suzj-MuiTypography-root"
    >
      Main Page
    </h2>
  </div>
</div>
`;
